
Allocating common symbols
Common symbol       size              file

TIM_TimeBaseStructure
                    0xa               ./src/RC5_IR_Emul_Receiver.o
RC5_data            0x1a              ./src/RC5_IR_Emul_Receiver.o
RC5_Frame           0x3               ./src/main.o

Discarded input sections

 .group         0x00000000        0x8 ./src/RC5_IR_Emul_Receiver.o
 .group         0x00000000        0x8 ./src/RC5_IR_Emul_Receiver.o
 .group         0x00000000        0x8 ./src/RC5_IR_Emul_Receiver.o
 .group         0x00000000        0x8 ./src/RC5_IR_Emul_Receiver.o
 .group         0x00000000        0x8 ./src/RC5_IR_Emul_Receiver.o
 .group         0x00000000        0x8 ./src/RC5_IR_Emul_Receiver.o
 .group         0x00000000        0x8 ./src/RC5_IR_Emul_Receiver.o
 .group         0x00000000        0x8 ./src/RC5_IR_Emul_Receiver.o
 .group         0x00000000        0x8 ./src/RC5_IR_Emul_Receiver.o
 .group         0x00000000        0x8 ./src/RC5_IR_Emul_Receiver.o
 .group         0x00000000        0x8 ./src/RC5_IR_Emul_Receiver.o
 .group         0x00000000        0x8 ./src/RC5_IR_Emul_Receiver.o
 .group         0x00000000        0x8 ./src/RC5_IR_Emul_Receiver.o
 .group         0x00000000        0x8 ./src/RC5_IR_Emul_Receiver.o
 .group         0x00000000        0x8 ./src/main.o
 .group         0x00000000        0x8 ./src/main.o
 .group         0x00000000        0x8 ./src/main.o
 .group         0x00000000        0x8 ./src/main.o
 .group         0x00000000        0x8 ./src/main.o
 .group         0x00000000        0x8 ./src/main.o
 .group         0x00000000        0x8 ./src/main.o
 .group         0x00000000        0x8 ./src/main.o
 .group         0x00000000        0x8 ./src/main.o
 .group         0x00000000        0x8 ./src/main.o
 .group         0x00000000        0x8 ./src/main.o
 .group         0x00000000        0x8 ./src/main.o
 .group         0x00000000        0x8 ./src/main.o
 .group         0x00000000        0x8 ./src/main.o
 .group         0x00000000        0x8 ./src/main.o
 .group         0x00000000        0x8 ./src/main.o
 .group         0x00000000        0x8 ./src/main.o
 .group         0x00000000        0x8 ./src/main.o
 .group         0x00000000        0x8 ./src/main.o
 .group         0x00000000        0x8 ./src/main.o
 .group         0x00000000        0x8 ./src/main.o
 .group         0x00000000        0x8 ./src/main.o
 .group         0x00000000        0x8 ./src/main.o
 .group         0x00000000        0x8 ./src/main.o
 .group         0x00000000        0x8 ./src/main.o
 .group         0x00000000        0x8 ./src/main.o
 .group         0x00000000        0x8 ./src/main.o
 .group         0x00000000        0x8 ./src/main.o
 .group         0x00000000        0x8 ./src/main.o
 .group         0x00000000        0x8 ./src/main.o
 .data          0x00000000        0x1 ./src/main.o
 .debug_macro   0x00000000      0x820 ./src/main.o
 .debug_macro   0x00000000       0x56 ./src/main.o
 .debug_macro   0x00000000       0x22 ./src/main.o
 .debug_macro   0x00000000      0x214 ./src/main.o
 .debug_macro   0x00000000      0x69f ./src/main.o
 .debug_macro   0x00000000     0x7e5f ./src/main.o
 .debug_macro   0x00000000       0x94 ./src/main.o
 .debug_macro   0x00000000      0x2ac ./src/main.o
 .debug_macro   0x00000000      0x461 ./src/main.o
 .debug_macro   0x00000000      0x711 ./src/main.o
 .debug_macro   0x00000000      0x220 ./src/main.o
 .debug_macro   0x00000000       0x8b ./src/main.o
 .debug_macro   0x00000000       0x35 ./src/main.o
 .debug_macro   0x00000000       0x52 ./src/main.o
 .group         0x00000000        0x8 ./src/stm3210b_eval.o
 .group         0x00000000        0x8 ./src/stm3210b_eval.o
 .group         0x00000000        0x8 ./src/stm3210b_eval.o
 .group         0x00000000        0x8 ./src/stm3210b_eval.o
 .group         0x00000000        0x8 ./src/stm3210b_eval.o
 .group         0x00000000        0x8 ./src/stm3210b_eval.o
 .group         0x00000000        0x8 ./src/stm3210b_eval.o
 .group         0x00000000        0x8 ./src/stm3210b_eval.o
 .group         0x00000000        0x8 ./src/stm3210b_eval.o
 .group         0x00000000        0x8 ./src/stm3210b_eval.o
 .group         0x00000000        0x8 ./src/stm3210b_eval.o
 .group         0x00000000        0x8 ./src/stm3210b_eval.o
 .group         0x00000000        0x8 ./src/stm3210b_eval.o
 .group         0x00000000        0x8 ./src/stm3210b_eval.o
 .group         0x00000000        0x8 ./src/stm3210b_eval.o
 .group         0x00000000        0x8 ./src/stm3210b_eval.o
 .group         0x00000000        0x8 ./src/stm3210b_eval.o
 .text          0x00000000      0x678 ./src/stm3210b_eval.o
 .data          0x00000000       0x48 ./src/stm3210b_eval.o
 .bss           0x00000000        0x0 ./src/stm3210b_eval.o
 .rodata        0x00000000       0xa8 ./src/stm3210b_eval.o
 .debug_info    0x00000000      0xd9c ./src/stm3210b_eval.o
 .debug_abbrev  0x00000000      0x1cf ./src/stm3210b_eval.o
 .debug_loc     0x00000000      0x2d8 ./src/stm3210b_eval.o
 .debug_aranges
[...]
Memory Configuration

Name             Origin             Length             Attributes
FLASH            0x08000000         0x00020000         xr
RAM              0x20000000         0x00002000         xrw
*default*        0x00000000         0xffffffff

Linker script and memory map

LOAD ./src/RC5_IR_Emul_Receiver.o
LOAD ./src/main.o
LOAD ./src/stm3210b_eval.o
LOAD ./src/stm32f10x_it.o
LOAD ./SPL/src/misc.o
LOAD ./SPL/src/stm32f10x_adc.o
LOAD ./SPL/src/stm32f10x_bkp.o
LOAD ./SPL/src/stm32f10x_can.o
LOAD ./SPL/src/stm32f10x_cec.o
LOAD ./SPL/src/stm32f10x_crc.o
LOAD ./SPL/src/stm32f10x_dac.o
LOAD ./SPL/src/stm32f10x_dbgmcu.o
LOAD ./SPL/src/stm32f10x_dma.o
LOAD ./SPL/src/stm32f10x_exti.o
LOAD ./SPL/src/stm32f10x_flash.o
LOAD ./SPL/src/stm32f10x_fsmc.o
LOAD ./SPL/src/stm32f10x_gpio.o
LOAD ./SPL/src/stm32f10x_i2c.o
LOAD ./SPL/src/stm32f10x_iwdg.o
LOAD ./SPL/src/stm32f10x_pwr.o
LOAD ./SPL/src/stm32f10x_rcc.o
LOAD ./SPL/src/stm32f10x_rtc.o
LOAD ./SPL/src/stm32f10x_sdio.o
LOAD ./SPL/src/stm32f10x_spi.o
LOAD ./SPL/src/stm32f10x_tim.o
LOAD ./SPL/src/stm32f10x_usart.o
LOAD ./SPL/src/stm32f10x_wwdg.o
LOAD ./CMSIS/core_cm3.o
LOAD ./CMSIS/startup_stm32f10x_ld_vl.o
LOAD ./CMSIS/system_stm32f10x.o
START GROUP
LOAD c:/program files (x86)/codesourcery/sourcery_codebench_lite_for_arm_eabi/bin/../lib/gcc/arm-none-eabi/4.7.3/thumb2\libgcc.a
LOAD c:/program files (x86)/codesourcery/sourcery_codebench_lite_for_arm_eabi/bin/../lib/gcc/arm-none-eabi/4.7.3/../../../../arm-none-eabi/lib/thumb2\libc.a
END GROUP
                0x20002000                _estack = (ORIGIN (RAM) + 0x2000)
                0x00000000                MIN_HEAP_SIZE = 0x0
                0x00000100                MIN_STACK_SIZE = 0x100

.isr_vector     0x08000000      0x1d0
                0x08000000                . = ALIGN (0x4)
 *(.isr_vector)
 .isr_vector    0x08000000      0x1d0 ./CMSIS/startup_stm32f10x_ld_vl.o
                0x08000000                g_pfnVectors
                0x080001d0                . = ALIGN (0x4)

.text           0x080001d0     0x9f70
                0x080001d0                . = ALIGN (0x4)
 *(.text)
 .text          0x080001d0      0x638 ./src/RC5_IR_Emul_Receiver.o
                0x080001d0                RC5_Receiver_Init
                0x0800037c                RC5_Sample_Data
                0x08000430                RC5_MeasureFirstLowDuration
                0x080005d4                RC5_Decode
 .text          0x08000808      0x230 ./src/main.o
                0x0800083c                assert_failed
                0x08000848                RCC_Configuration
                0x08000854                main
                0x0800092c                SetupUSART
                0x080009cc                TIM3_IRQHandler
 .text          0x08000a38       0x74 ./src/stm32f10x_it.o
                0x08000a38                NMI_Handler
                0x08000a44                HardFault_Handler
                0x08000a4c                MemManage_Handler
                0x08000a54                BusFault_Handler
                0x08000a5c                UsageFault_Handler
                0x08000a64                DebugMon_Handler
                0x08000a70                SVC_Handler
                0x08000a7c                PendSV_Handler
                0x08000a88                SysTick_Handler
                0x08000a94                TIM2_IRQHandler
                0x08000aa0                EXTI1_IRQHandler
 .text          0x08000aac      0x28c ./SPL/src/misc.o
                0x08000aac                NVIC_PriorityGroupConfig
                0x08000b04                NVIC_Init
                0x08000c18                NVIC_SetVectorTable
                0x08000c74                NVIC_SystemLPConfig
                0x08000ce8                SysTick_CLKSourceConfig
 .text          0x08000d38      0x450 ./SPL/src/stm32f10x_exti.o
                0x08000d38                EXTI_DeInit
                0x08000d70                EXTI_Init
                0x08000ed4                EXTI_StructInit
                0x08000f08                EXTI_GenerateSWInterrupt
                0x08000f4c                EXTI_GetFlagStatus
                0x08001024                EXTI_ClearFlag
                0x08001060                EXTI_GetITStatus
                0x0800114c                EXTI_ClearITPendingBit
 .text          0x08001188     0x1064 ./SPL/src/stm32f10x_gpio.o
                0x08001188                GPIO_DeInit
                0x080012e8                GPIO_AFIODeInit
                0x08001308                GPIO_Init
                0x08001598                GPIO_StructInit
                0x080015c4                GPIO_ReadInputDataBit
                0x080016d8                GPIO_ReadInputData
                0x08001754                GPIO_ReadOutputDataBit
                0x08001868                GPIO_ReadOutputData
                0x080018e4                GPIO_SetBits
                0x08001970                GPIO_ResetBits
                0x080019fc                GPIO_WriteBit
                0x08001b1c                GPIO_Write
                0x08001b98                GPIO_PinLockConfig
                0x08001c4c                GPIO_EventOutputConfig
                0x08001d2c                GPIO_EventOutputCmd
                0x08001d64                GPIO_PinRemapConfig
                0x08002080                GPIO_EXTILineConfig
                0x080021b8                GPIO_ETH_MediaInterfaceConfig
 .text          0x080021ec      0xdac ./SPL/src/stm32f10x_rcc.o
                0x080021ec                RCC_DeInit
                0x08002250                RCC_HSEConfig
                0x080022d0                RCC_WaitForHSEStartUp
                0x08002334                RCC_AdjustHSICalibrationValue
                0x08002384                RCC_HSICmd
                0x080023bc                RCC_PLLConfig
                0x08002494                RCC_PLLCmd
                0x080024cc                RCC_PREDIV1Config
                0x0800258c                RCC_SYSCLKConfig
                0x080025e4                RCC_GetSYSCLKSource
                0x08002600                RCC_HCLKConfig
                0x0800267c                RCC_PCLK1Config
                0x080026e8                RCC_PCLK2Config
                0x08002758                RCC_ITConfig
                0x080027d4                RCC_USBCLKConfig
                0x08002808                RCC_ADCCLKConfig
                0x0800286c                RCC_LSEConfig
                0x080028d4                RCC_LSICmd
                0x0800290c                RCC_RTCCLKConfig
                0x08002954                RCC_RTCCLKCmd
                0x0800298c                RCC_GetClocksFreq
                0x08002b08                RCC_AHBPeriphClockCmd
                0x08002b7c                RCC_APB2PeriphClockCmd
                0x08002bf0                RCC_APB1PeriphClockCmd
                0x08002c64                RCC_APB2PeriphResetCmd
                0x08002cd8                RCC_APB1PeriphResetCmd
                0x08002d4c                RCC_BackupResetCmd
                0x08002d84                RCC_ClockSecuritySystemCmd
                0x08002dbc                RCC_MCOConfig
                0x08002e04                RCC_GetFlagStatus
                0x08002ed4                RCC_ClearFlag
                0x08002ef0                RCC_GetITStatus
                0x08002f5c                RCC_ClearITPendingBit
 .text          0x08002f98     0x58ac ./SPL/src/stm32f10x_tim.o
                0x08002f98                TIM_DeInit
                0x080032c0                TIM_TimeBaseInit
                0x080034c0                TIM_OC1Init
                0x08003760                TIM_OC2Init
                0x080039c8                TIM_OC3Init
                0x08003c08                TIM_OC4Init
                0x08003db8                TIM_ICInit
                0x080040f4                TIM_PWMIConfig
                0x08004230                TIM_BDTRConfig
                0x08004384                TIM_TimeBaseStructInit
                0x080043c0                TIM_OCStructInit
                0x08004414                TIM_ICStructInit
                0x08004450                TIM_BDTRStructInit
                0x0800449c                TIM_Cmd
                0x080045c4                TIM_CtrlPWMOutputs
                0x08004670                TIM_ITConfig
                0x080047bc                TIM_GenerateEvent
                0x080048c8                TIM_DMAConfig
                0x08004a78                TIM_DMACmd
                0x08004b80                TIM_InternalClockConfig
                0x08004c18                TIM_ITRxExternalClockConfig
                0x08004ce0                TIM_TIxExternalClockConfig
                0x08004df0                TIM_ETRClockMode1Config
                0x08004ee8                TIM_ETRClockMode2Config
                0x08004fbc                TIM_ETRConfig
                0x080050a8                TIM_PrescalerConfig
                0x080051b8                TIM_CounterModeConfig
                0x08005268                TIM_SelectInputTrigger
                0x08005350                TIM_EncoderInterfaceConfig
                0x08005488                TIM_ForcedOC1Config
                0x08005594                TIM_ForcedOC2Config
                0x0800565c                TIM_ForcedOC3Config
                0x080056fc                TIM_ForcedOC4Config
                0x080057a0                TIM_ARRPreloadConfig
                0x080058c8                TIM_SelectCOM
                0x08005964                TIM_SelectCCDMA
                0x08005a2c                TIM_CCPreloadControl
                0x08005adc                TIM_OC1PreloadConfig
                0x08005be8                TIM_OC2PreloadConfig
                0x08005cb0                TIM_OC3PreloadConfig
                0x08005d50                TIM_OC4PreloadConfig
                0x08005df4                TIM_OC1FastConfig
                0x08005f00                TIM_OC2FastConfig
                0x08005fc8                TIM_OC3FastConfig
                0x08006068                TIM_OC4FastConfig
                0x0800610c                TIM_ClearOC1Ref
                0x080061ac                TIM_ClearOC2Ref
                0x08006254                TIM_ClearOC3Ref
                0x080062f4                TIM_ClearOC4Ref
                0x0800639c                TIM_OC1PolarityConfig
                0x080064a8                TIM_OC1NPolarityConfig
                0x08006540                TIM_OC2PolarityConfig
                0x08006608                TIM_OC2NPolarityConfig
                0x08006680                TIM_OC3PolarityConfig
                0x08006724                TIM_OC3NPolarityConfig
                0x0800679c                TIM_OC4PolarityConfig
                0x08006840                TIM_CCxCmd
                0x08006990                TIM_CCxNCmd
                0x08006a64                TIM_SelectOCxM
                0x08006c38                TIM_UpdateDisableConfig
                0x08006d60                TIM_UpdateRequestConfig
                0x08006e88                TIM_SelectHallSensor
                0x08006f50                TIM_SelectOnePulseMode
                0x08007070                TIM_SelectOutputTrigger
                0x0800716c                TIM_SelectSlaveMode
                0x08007238                TIM_SelectMasterSlaveMode
                0x080072f8                TIM_SetCounter
                0x080073e8                TIM_SetAutoreload
                0x080074d8                TIM_SetCompare1
                0x080075b0                TIM_SetCompare2
                0x08007640                TIM_SetCompare3
                0x080076ac                TIM_SetCompare4
                0x0800771c                TIM_SetIC1Prescaler
                0x08007830                TIM_SetIC2Prescaler
                0x08007904                TIM_SetIC3Prescaler
                0x080079ac                TIM_SetIC4Prescaler
                0x08007a5c                TIM_SetClockDivision
                0x08007b70                TIM_GetCapture1
                0x08007c48                TIM_GetCapture2
                0x08007cd8                TIM_GetCapture3
                0x08007d44                TIM_GetCapture4
                0x08007db0                TIM_GetCounter
                0x08007ea0                TIM_GetPrescaler
                0x08007f90                TIM_GetFlagStatus
                0x080080fc                TIM_ClearFlag
                0x0800820c                TIM_GetITStatus
                0x08008378                TIM_ClearITPendingBit
 .text          0x08008844     0x15cc ./SPL/src/stm32f10x_usart.o
                0x08008844                USART_DeInit
                0x08008948                USART_Init
                0x08008c3c                USART_StructInit
                0x08008c80                USART_ClockInit
                0x08008d78                USART_ClockStructInit
                0x08008dac                USART_Cmd
                0x08008e48                USART_ITConfig
                0x08008fc8                USART_DMACmd
                0x0800908c                USART_SetAddress
                0x0800911c                USART_WakeUpConfig
                0x080091b4                USART_ReceiverWakeUpCmd
                0x08009250                USART_LINBreakDetectLengthConfig
                0x080092e4                USART_LINCmd
                0x08009380                USART_SendData
                0x08009404                USART_ReceiveData
                0x08009470                USART_SendBreak
                0x080094dc                USART_SetGuardTime
                0x08009548                USART_SetPrescaler
                0x080095c8                USART_SmartCardCmd
                0x0800964c                USART_SmartCardNACKCmd
                0x080096d0                USART_HalfDuplexCmd
                0x0800976c                USART_OverSampling8Cmd
                0x08009810                USART_OneBitMethodCmd
                0x080098ac                USART_IrDAConfig
                0x08009940                USART_IrDACmd
                0x080099dc                USART_GetFlagStatus
                0x08009ad8                USART_ClearFlag
                0x08009b8c                USART_GetITStatus
                0x08009d28                USART_ClearITPendingBit
 .text          0x08009e10      0x23c ./CMSIS/system_stm32f10x.o
                0x08009e10                SystemInit
                0x08009e80                SystemCoreClockUpdate
 *(.text*)
 .text.Reset_Handler
                0x0800a04c       0x4c ./CMSIS/startup_stm32f10x_ld_vl.o
                0x0800a04c                Reset_Handler
 .text.Default_Handler
                0x0800a098        0x4 ./CMSIS/startup_stm32f10x_ld_vl.o
                0x0800a098                EXTI2_IRQHandler
                0x0800a098                TIM1_CC_IRQHandler
                0x0800a098                PVD_IRQHandler
                0x0800a098                EXTI3_IRQHandler
                0x0800a098                EXTI0_IRQHandler
                0x0800a098                TIM1_UP_TIM16_IRQHandler
                0x0800a098                SPI1_IRQHandler
                0x0800a098                TAMPER_IRQHandler
                0x0800a098                TIM6_DAC_IRQHandler
                0x0800a098                DMA1_Channel4_IRQHandler
                0x0800a098                ADC1_IRQHandler
                0x0800a098                RTC_IRQHandler
                0x0800a098                DMA1_Channel7_IRQHandler
                0x0800a098                I2C1_EV_IRQHandler
                0x0800a098                DMA1_Channel6_IRQHandler
                0x0800a098                RCC_IRQHandler
                0x0800a098                DMA1_Channel1_IRQHandler
                0x0800a098                Default_Handler
                0x0800a098                CEC_IRQHandler
                0x0800a098                EXTI15_10_IRQHandler
                0x0800a098                TIM7_IRQHandler
                0x0800a098                EXTI9_5_IRQHandler
                0x0800a098                DMA1_Channel5_IRQHandler
                0x0800a098                EXTI4_IRQHandler
                0x0800a098                TIM1_TRG_COM_TIM17_IRQHandler
                0x0800a098                DMA1_Channel3_IRQHandler
                0x0800a098                WWDG_IRQHandler
                0x0800a098                RTCAlarm_IRQHandler
                0x0800a098                USART2_IRQHandler
                0x0800a098                DMA1_Channel2_IRQHandler
                0x0800a098                FLASH_IRQHandler
                0x0800a098                USART1_IRQHandler
                0x0800a098                I2C1_ER_IRQHandler
                0x0800a098                TIM1_BRK_TIM15_IRQHandler
 *(.rodata)
 .rodata        0x0800a09c       0x14 ./SPL/src/misc.o
 .rodata        0x0800a0b0       0x1c ./SPL/src/stm32f10x_exti.o
 .rodata        0x0800a0cc       0x1c ./SPL/src/stm32f10x_gpio.o
 .rodata        0x0800a0e8       0x1c ./SPL/src/stm32f10x_rcc.o
 .rodata        0x0800a104       0x1c ./SPL/src/stm32f10x_tim.o
 .rodata        0x0800a120       0x20 ./SPL/src/stm32f10x_usart.o
 *(.rodata*)
 *(.glue_7)
 .glue_7        0x00000000        0x0 linker stubs
 *(.glue_7t)
 .glue_7t       0x00000000        0x0 linker stubs
 *(.init)
 *(.fini)
                0x0800a140                . = ALIGN (0x4)
                0x0800a140                _etext = .

.vfp11_veneer   0x0800a140        0x0
 .vfp11_veneer  0x00000000        0x0 linker stubs

.v4_bx          0x0800a140        0x0
 .v4_bx         0x00000000        0x0 linker stubs

.iplt           0x0800a140        0x0
 .iplt          0x00000000        0x0 ./src/RC5_IR_Emul_Receiver.o

.rel.dyn        0x0800a140        0x0
 .rel.iplt      0x00000000        0x0 ./src/RC5_IR_Emul_Receiver.o

.ARM.extab
 *(.ARM.extab* .gnu.linkonce.armextab.*)

.ARM            0x0800a140        0x0
                0x0800a140                __exidx_start = .
 *(.ARM.exidx*)
                0x0800a140                __exidx_end = .

.ARM.attributes
                0x0800a140       0x31
 *(.ARM.attributes)
 .ARM.attributes
                0x0800a140       0x33 ./src/RC5_IR_Emul_Receiver.o
 .ARM.attributes
                0x0800a173       0x33 ./src/main.o
 .ARM.attributes
                0x0800a1a6       0x33 ./src/stm32f10x_it.o
 .ARM.attributes
                0x0800a1d9       0x33 ./SPL/src/misc.o
 .ARM.attributes
                0x0800a20c       0x33 ./SPL/src/stm32f10x_exti.o
 .ARM.attributes
                0x0800a23f       0x33 ./SPL/src/stm32f10x_gpio.o
 .ARM.attributes
                0x0800a272       0x33 ./SPL/src/stm32f10x_rcc.o
 .ARM.attributes
                0x0800a2a5       0x33 ./SPL/src/stm32f10x_tim.o
 .ARM.attributes
                0x0800a2d8       0x33 ./SPL/src/stm32f10x_usart.o
 .ARM.attributes
                0x0800a30b       0x21 ./CMSIS/startup_stm32f10x_ld_vl.o
 .ARM.attributes
                0x0800a32c       0x33 ./CMSIS/system_stm32f10x.o

.preinit_array  0x0800a140        0x0
                0x0800a140                PROVIDE (__preinit_array_start, .)
 *(.preinit_array*)
                0x0800a140                PROVIDE (__preinit_array_end, .)

.init_array     0x0800a140        0x0
                0x0800a140                PROVIDE (__init_array_start, .)
 *(SORT(.init_array.*))
 *(.init_array*)
                0x0800a140                PROVIDE (__init_array_end, .)

.fini_array     0x0800a140        0x0
                0x0800a140                PROVIDE (__fini_array_start, .)
 *(.fini_array*)
 *(SORT(.fini_array.*))
                0x0800a140                PROVIDE (__fini_array_end, .)
                0x0800a140                _sidata = .

.data           0x20000000       0x2c load address 0x0800a35f
                0x20000000                . = ALIGN (0x4)
                0x20000000                _sdata = .
 *(.data)
 .data          0x20000000        0x1 ./src/RC5_IR_Emul_Receiver.o
                0x20000000                BitTimeStatus
 *fill*         0x20000001        0x3 
 .data          0x20000004       0x14 ./SPL/src/stm32f10x_rcc.o
 .data          0x20000018       0x14 ./CMSIS/system_stm32f10x.o
                0x20000018                SystemCoreClock
                0x2000001c                AHBPrescTable
 *(.data*)
                0x2000002c                . = ALIGN (0x4)
                0x2000002c                _edata = .

.igot.plt       0x2000002c        0x0 load address 0x0800a38c
 .igot.plt      0x00000000        0x0 ./src/RC5_IR_Emul_Receiver.o
                0x2000002c                . = ALIGN (0x4)

.bss            0x2000002c       0x4c load address 0x0800a38c
                0x2000002c                _sbss = .
                0x2000002c                __bss_start__ = _sbss
 *(.bss)
 .bss           0x2000002c       0x1c ./src/RC5_IR_Emul_Receiver.o
                0x2000002c                EdgesNumber
                0x2000002d                Bit4_HasBeen_Sampled
                0x2000002e                RC5_FrameReceived
                0x2000002f                FieldBit
                0x20000030                RC5_Indexdata
                0x20000032                LowDuration
                0x20000034                RC5_TIM_CLKValuekHz
                0x20000038                HalfBitDurationCount_Min
                0x2000003a                HalfBitDurationCount_Max
                0x2000003c                NominalHalfBitDurationCount
                0x2000003e                FullBitDurationCount_Min
                0x20000040                FullBitDurationCount_Max
                0x20000042                NominalBitDurationCount
                0x20000044                NominalBitDurationCount_3div4
 .bss           0x20000048        0x2 ./src/main.o
                0x20000048                i
                0x20000049                RC5_TogglePrevious
 *(.bss*)
 *(COMMON)
 *fill*         0x2000004a        0x2 
 COMMON         0x2000004c       0x26 ./src/RC5_IR_Emul_Receiver.o
                0x2000004c                TIM_TimeBaseStructure
                0x20000058                RC5_data
 *fill*         0x20000072        0x2 
 COMMON         0x20000074        0x3 ./src/main.o
                0x20000074                RC5_Frame
                0x20000078                . = ALIGN (0x4)
 *fill*         0x20000077        0x1 
                0x20000078                _ebss = .
                0x20000078                __bss_end__ = _ebss
                0x20000078                PROVIDE (end, _ebss)
                0x20000078                PROVIDE (_end, _ebss)
                0x20000078                PROVIDE (__HEAP_START, _ebss)

._user_heap_stack
                0x20000078      0x100 load address 0x0800a3d8
                0x20000078                . = ALIGN (0x4)
                0x20000078                . = (. + MIN_HEAP_SIZE)
                0x20000178                . = (. + MIN_STACK_SIZE)
 *fill*         0x20000078      0x100 
                0x20000178                . = ALIGN (0x4)

/DISCARD/
 libc.a(*)
 libm.a(*)
 libgcc.a(*)
OUTPUT(stm32_ld_vl.elf elf32-littlearm)

.debug_info     0x00000000     0x5ead
 .debug_info    0x00000000      0xb87 ./src/RC5_IR_Emul_Receiver.o
 .debug_info    0x00000b87      0xa96 ./src/main.o
 .debug_info    0x0000161d      0x17c ./src/stm32f10x_it.o
 .debug_info    0x00001799      0x548 ./SPL/src/misc.o
 .debug_info    0x00001ce1      0x37c ./SPL/src/stm32f10x_exti.o
 .debug_info    0x0000205d      0x73e ./SPL/src/stm32f10x_gpio.o
 .debug_info    0x0000279b      0x994 ./SPL/src/stm32f10x_rcc.o
 .debug_info    0x0000312f     0x1e70 ./SPL/src/stm32f10x_tim.o
 .debug_info    0x00004f9f      0xa86 ./SPL/src/stm32f10x_usart.o
 .debug_info    0x00005a25       0x78 ./CMSIS/startup_stm32f10x_ld_vl.o
 .debug_info    0x00005a9d      0x410 ./CMSIS/system_stm32f10x.o

.debug_abbrev   0x00000000      0xf28
 .debug_abbrev  0x00000000      0x1ce ./src/RC5_IR_Emul_Receiver.o
 .debug_abbrev  0x000001ce      0x206 ./src/main.o
 .debug_abbrev  0x000003d4       0x75 ./src/stm32f10x_it.o
 .debug_abbrev  0x00000449      0x13b ./SPL/src/misc.o
 .debug_abbrev  0x00000584      0x170 ./SPL/src/stm32f10x_exti.o
 .debug_abbrev  0x000006f4      0x1cd ./SPL/src/stm32f10x_gpio.o
 .debug_abbrev  0x000008c1      0x1bd ./SPL/src/stm32f10x_rcc.o
 .debug_abbrev  0x00000a7e      0x19b ./SPL/src/stm32f10x_tim.o
 .debug_abbrev  0x00000c19      0x181 ./SPL/src/stm32f10x_usart.o
 .debug_abbrev  0x00000d9a       0x12 ./CMSIS/startup_stm32f10x_ld_vl.o
 .debug_abbrev  0x00000dac      0x17c ./CMSIS/system_stm32f10x.o

.debug_loc      0x00000000     0x2db0
 .debug_loc     0x00000000      0x1c8 ./src/RC5_IR_Emul_Receiver.o
 .debug_loc     0x000001c8      0x138 ./src/main.o
 .debug_loc     0x00000300      0x1e4 ./src/stm32f10x_it.o
 .debug_loc     0x000004e4      0x118 ./SPL/src/misc.o
 .debug_loc     0x000005fc      0x1b4 ./SPL/src/stm32f10x_exti.o
 .debug_loc     0x000007b0      0x3e4 ./SPL/src/stm32f10x_gpio.o
 .debug_loc     0x00000b94      0x714 ./SPL/src/stm32f10x_rcc.o
 .debug_loc     0x000012a8     0x13e8 ./SPL/src/stm32f10x_tim.o
 .debug_loc     0x00002690      0x658 ./SPL/src/stm32f10x_usart.o
 .debug_loc     0x00002ce8       0xc8 ./CMSIS/system_stm32f10x.o

.debug_aranges  0x00000000      0x168
 .debug_aranges
                0x00000000       0x20 ./src/RC5_IR_Emul_Receiver.o
 .debug_aranges
                0x00000020       0x20 ./src/main.o
 .debug_aranges
                0x00000040       0x20 ./src/stm32f10x_it.o
 .debug_aranges
                0x00000060       0x20 ./SPL/src/misc.o
 .debug_aranges
                0x00000080       0x20 ./SPL/src/stm32f10x_exti.o
 .debug_aranges
                0x000000a0       0x20 ./SPL/src/stm32f10x_gpio.o
 .debug_aranges
                0x000000c0       0x20 ./SPL/src/stm32f10x_rcc.o
 .debug_aranges
                0x000000e0       0x20 ./SPL/src/stm32f10x_tim.o
 .debug_aranges
                0x00000100       0x20 ./SPL/src/stm32f10x_usart.o
 .debug_aranges
                0x00000120       0x28 ./CMSIS/startup_stm32f10x_ld_vl.o
 .debug_aranges
                0x00000148       0x20 ./CMSIS/system_stm32f10x.o

.debug_macro    0x00000000     0xc354
 .debug_macro   0x00000000       0xd5 ./src/RC5_IR_Emul_Receiver.o
 .debug_macro   0x000000d5      0x820 ./src/RC5_IR_Emul_Receiver.o
 .debug_macro   0x000008f5       0x56 ./src/RC5_IR_Emul_Receiver.o
 .debug_macro   0x0000094b       0x22 ./src/RC5_IR_Emul_Receiver.o
 .debug_macro   0x0000096d      0x214 ./src/RC5_IR_Emul_Receiver.o
 .debug_macro   0x00000b81      0x69f ./src/RC5_IR_Emul_Receiver.o
 .debug_macro   0x00001220     0x7e5f ./src/RC5_IR_Emul_Receiver.o
 .debug_macro   0x0000907f       0x94 ./src/RC5_IR_Emul_Receiver.o
 .debug_macro   0x00009113      0x2ac ./src/RC5_IR_Emul_Receiver.o
 .debug_macro   0x000093bf      0x461 ./src/RC5_IR_Emul_Receiver.o
 .debug_macro   0x00009820      0x711 ./src/RC5_IR_Emul_Receiver.o
 .debug_macro   0x00009f31      0x220 ./src/RC5_IR_Emul_Receiver.o
 .debug_macro   0x0000a151       0x8b ./src/RC5_IR_Emul_Receiver.o
 .debug_macro   0x0000a1dc       0x35 ./src/RC5_IR_Emul_Receiver.o
 .debug_macro   0x0000a211       0x52 ./src/RC5_IR_Emul_Receiver.o
 .debug_macro   0x0000a263      0x186 ./src/main.o
 .debug_macro   0x0000a3e9       0x3a ./src/main.o
 .debug_macro   0x0000a423       0x35 ./src/main.o
 .debug_macro   0x0000a458       0x94 ./src/main.o
 .debug_macro   0x0000a4ec       0x10 ./src/main.o
 .debug_macro   0x0000a4fc       0x89 ./src/main.o
 .debug_macro   0x0000a585       0x10 ./src/main.o
 .debug_macro   0x0000a595       0x3a ./src/main.o
 .debug_macro   0x0000a5cf       0x52 ./src/main.o
 .debug_macro   0x0000a621       0x19 ./src/main.o
 .debug_macro   0x0000a63a      0x189 ./src/main.o
 .debug_macro   0x0000a7c3       0x10 ./src/main.o
 .debug_macro   0x0000a7d3       0xf5 ./src/main.o
 .debug_macro   0x0000a8c8       0x22 ./src/main.o
 .debug_macro   0x0000a8ea       0x91 ./src/main.o
 .debug_macro   0x0000a97b       0x16 ./src/main.o
 .debug_macro   0x0000a991      0x15c ./src/main.o
 .debug_macro   0x0000aaed       0xb5 ./src/stm32f10x_it.o
 .debug_macro   0x0000aba2       0xb2 ./SPL/src/misc.o
 .debug_macro   0x0000ac54       0x85 ./SPL/src/misc.o
 .debug_macro   0x0000acd9       0xb2 ./SPL/src/stm32f10x_exti.o
 .debug_macro   0x0000ad8b      0x2a6 ./SPL/src/stm32f10x_exti.o
 .debug_macro   0x0000b031       0xfa ./SPL/src/stm32f10x_gpio.o
 .debug_macro   0x0000b12b      0x1d6 ./SPL/src/stm32f10x_rcc.o
 .debug_macro   0x0000b301      0x45b ./SPL/src/stm32f10x_rcc.o
 .debug_macro   0x0000b75c       0xc4 ./SPL/src/stm32f10x_tim.o
 .debug_macro   0x0000b820      0x70b ./SPL/src/stm32f10x_tim.o
 .debug_macro   0x0000bf2b      0x160 ./SPL/src/stm32f10x_usart.o
 .debug_macro   0x0000c08b      0x21a ./SPL/src/stm32f10x_usart.o
 .debug_macro   0x0000c2a5       0xaf ./CMSIS/system_stm32f10x.o

.debug_line     0x00000000     0x4f10
 .debug_line    0x00000000      0x376 ./src/RC5_IR_Emul_Receiver.o
 .debug_line    0x00000376      0x4e5 ./src/main.o
 .debug_line    0x0000085b      0x30f ./src/stm32f10x_it.o
 .debug_line    0x00000b6a      0x314 ./SPL/src/misc.o
 .debug_line    0x00000e7e      0x3f7 ./SPL/src/stm32f10x_exti.o
 .debug_line    0x00001275      0x84d ./SPL/src/stm32f10x_gpio.o
 .debug_line    0x00001ac2      0x6ae ./SPL/src/stm32f10x_rcc.o
 .debug_line    0x00002170     0x2134 ./SPL/src/stm32f10x_tim.o
 .debug_line    0x000042a4      0x8fb ./SPL/src/stm32f10x_usart.o
 .debug_line    0x00004b9f       0x7e ./CMSIS/startup_stm32f10x_ld_vl.o
 .debug_line    0x00004c1d      0x2f3 ./CMSIS/system_stm32f10x.o

.debug_str      0x00000000    0x412a0
 .debug_str     0x00000000    0x3c456 ./src/RC5_IR_Emul_Receiver.o
                              0x3c5b5 (size before relaxing)
 .debug_str     0x0003c456     0x28e6 ./src/main.o
                              0x3e995 (size before relaxing)
 .debug_str     0x0003ed3c       0xb8 ./src/stm32f10x_it.o
                              0x3bb90 (size before relaxing)
 .debug_str     0x0003edf4      0x183 ./SPL/src/misc.o
                              0x3bbca (size before relaxing)
 .debug_str     0x0003ef77       0xee ./SPL/src/stm32f10x_exti.o
                              0x3bb6e (size before relaxing)
 .debug_str     0x0003f065      0x481 ./SPL/src/stm32f10x_gpio.o
                              0x3bf37 (size before relaxing)
 .debug_str     0x0003f4e6      0xb1b ./SPL/src/stm32f10x_rcc.o
                              0x3c5bd (size before relaxing)
 .debug_str     0x00040001      0xaba ./SPL/src/stm32f10x_tim.o
                              0x3c63b (size before relaxing)
 .debug_str     0x00040abb      0x75d ./SPL/src/stm32f10x_usart.o
                              0x3c247 (size before relaxing)
 .debug_str     0x00041218       0x88 ./CMSIS/system_stm32f10x.o
                              0x3badf (size before relaxing)

.comment        0x00000000       0x30
 .comment       0x00000000       0x30 ./src/RC5_IR_Emul_Receiver.o
                                 0x31 (size before relaxing)
 .comment       0x00000000       0x31 ./src/main.o
 .comment       0x00000000       0x31 ./src/stm32f10x_it.o
 .comment       0x00000000       0x31 ./SPL/src/misc.o
 .comment       0x00000000       0x31 ./SPL/src/stm32f10x_exti.o
 .comment       0x00000000       0x31 ./SPL/src/stm32f10x_gpio.o
 .comment       0x00000000       0x31 ./SPL/src/stm32f10x_rcc.o
 .comment       0x00000000       0x31 ./SPL/src/stm32f10x_tim.o
 .comment       0x00000000       0x31 ./SPL/src/stm32f10x_usart.o
 .comment       0x00000000       0x31 ./CMSIS/system_stm32f10x.o

.debug_frame    0x00000000     0x1ac0
 .debug_frame   0x00000000      0x120 ./src/RC5_IR_Emul_Receiver.o
 .debug_frame   0x00000120       0xc0 ./src/main.o
 .debug_frame   0x000001e0      0x144 ./src/stm32f10x_it.o
 .debug_frame   0x00000324       0xb0 ./SPL/src/misc.o
 .debug_frame   0x000003d4      0x108 ./SPL/src/stm32f10x_exti.o
 .debug_frame   0x000004dc      0x24c ./SPL/src/stm32f10x_gpio.o
 .debug_frame   0x00000728      0x420 ./SPL/src/stm32f10x_rcc.o
 .debug_frame   0x00000b48      0xb50 ./SPL/src/stm32f10x_tim.o
 .debug_frame   0x00001698      0x3a8 ./SPL/src/stm32f10x_usart.o
 .debug_frame   0x00001a40       0x80 ./CMSIS/system_stm32f10x.o

.debug_ranges   0x00000000       0x20
 .debug_ranges  0x00000000       0x20 ./CMSIS/startup_stm32f10x_ld_vl.o
